// Jest Snapshot v1, https://goo.gl/fbAQLP

exports[`AppComponent matching snapshot 1`] = `
<app-root
  fetching$={[Function Observable]}
  organizationService={[Function OrganizationService]}
  organizations$={[Function Observable]}
>
  <app-header /><main>
    <app-organization-list />
  </main><app-footer />
</app-root>
`;
